<html>
<body>
<pre>
<h1>礦ision Build Log</h1>
<h2>Tool Versions:</h2>
IDE-Version: μVision V5.27.1.0
Copyright (C) 2019 ARM Ltd and ARM Germany GmbH. All rights reserved.
License Information: 甘 浚森, 韩山师范学院, LIC=50D8T-RZWI1-JPWZQ-NJJ7P-WPZ1N-ETZA0
 
Tool Versions:
Toolchain:       MDK-ARM Professional  Version: 5.29.0.0
Toolchain Path:  G:\D02_kl_Keil5\ARM\ARMCC\Bin
C Compiler:      Armcc.exe V5.06 update 6 (build 750)
Assembler:       Armasm.exe V5.06 update 6 (build 750)
Linker/Locator:  ArmLink.exe V5.06 update 6 (build 750)
Library Manager: ArmAr.exe V5.06 update 6 (build 750)
Hex Converter:   FromElf.exe V5.06 update 6 (build 750)
CPU DLL:         SARMCM3.DLL V5.29.0.0
Dialog DLL:      DCM.DLL V1.17.3.0
Target DLL:      STLink\ST-LINKIII-KEIL_SWO.dll V3.0.7.0
Dialog DLL:      TCM.DLL V1.36.5.0
 
<h2>Project:</h2>
X:\P04_Multi-programSwitching\00_Project\targets\STM32L431_BearPi\MDK-ARM\STM32L431RxTx.uvprojx
Project File Date:  07/25/2020

<h2>Output:</h2>
*** Using Compiler 'V5.06 update 6 (build 750)', folder: 'G:\D02_kl_Keil5\ARM\ARMCC\Bin'
Build target 'USE_NB35-A'
assembling los_startup_keil.s...
compiling dwt.c...
compiling system_stm32l4xx.c...
compiling sys_init.c...
compiling main.c...
compiling gpio.c...
compiling at_hal.c...
compiling i2c.c...
compiling usart.c...
compiling spi.c...
compiling flash_adaptor.c...
compiling user_task.c...
compiling ota_port.c...
compiling bc95.c...
compiling m26.c...
compiling esp8266.c...
compiling cmsis_liteos.c...
compiling los_priqueue.c...
compiling los_swtmr.c...
compiling los_sys.c...
compiling los_tick.c...
compiling los_task.c...
compiling los_timeslice.c...
compiling los_event.c...
compiling los_mux.c...
compiling los_queue.c...
compiling los_heap.c...
compiling los_sem.c...
compiling los_memory.c...
compiling los_membox.c...
compiling los_memcheck.c...
compiling los_slab.c...
compiling los_slabmem.c...
compiling los_misc.c...
compiling los_init.c...
compiling los_err.c...
assembling los_dispatch_keil.S...
compiling los_hw.c...
compiling los_tickless.c...
compiling los_hw_tick.c...
compiling los_hwi.c...
compiling stm32l4xx_hal_tim.c...
compiling stm32l4xx_hal_tim_ex.c...
compiling stm32l4xx_hal_uart_ex.c...
compiling stm32l4xx_hal_uart.c...
compiling stm32l4xx_hal.c...
compiling stm32l4xx_hal_i2c_ex.c...
compiling stm32l4xx_hal_rcc.c...
compiling stm32l4xx_hal_i2c.c...
compiling stm32l4xx_hal_rcc_ex.c...
compiling stm32l4xx_hal_flash_ex.c...
compiling stm32l4xx_hal_flash.c...
compiling stm32l4xx_hal_flash_ramfunc.c...
compiling stm32l4xx_hal_gpio.c...
compiling stm32l4xx_hal_dma.c...
compiling stm32l4xx_hal_dma_ex.c...
compiling stm32l4xx_hal_pwr_ex.c...
compiling stm32l4xx_hal_pwr.c...
compiling stm32l4xx_hal_cortex.c...
compiling stm32l4xx_hal_rng.c...
compiling stm32l4xx_hal_spi.c...
compiling stm32l4xx_hal_qspi.c...
compiling E53_SC1.c...
compiling hal_iwdg.c...
compiling lcd.c...
compiling hal_rng.c...
compiling aes.c...
compiling aesni.c...
compiling arc4.c...
compiling hal_qspi_flash.c...
compiling asn1parse.c...
compiling asn1write.c...
compiling base64.c...
compiling blowfish.c...
compiling camellia.c...
compiling ccm.c...
compiling certs.c...
compiling bignum.c...
compiling cipher.c...
compiling cmac.c...
compiling cipher_wrap.c...
compiling ctr_drbg.c...
compiling des.c...
compiling debug.c...
compiling dhm.c...
compiling ecdh.c...
compiling ecdsa.c...
compiling ecjpake.c...
compiling ecp.c...
compiling ecp_curves.c...
compiling entropy_poll.c...
compiling entropy.c...
compiling error.c...
compiling gcm.c...
compiling havege.c...
compiling hmac_drbg.c...
compiling md.c...
compiling md_wrap.c...
compiling md2.c...
compiling md4.c...
compiling md5.c...
compiling memory_buffer_alloc.c...
compiling net_sockets.c...
compiling oid.c...
compiling padlock.c...
compiling pem.c...
compiling pk_wrap.c...
compiling pk.c...
compiling pkcs11.c...
compiling pkcs5.c...
compiling pkcs12.c...
compiling pkparse.c...
compiling pkwrite.c...
compiling platform.c...
compiling ripemd160.c...
compiling rsa.c...
compiling sha1.c...
compiling sha512.c...
compiling sha256.c...
compiling ssl_cache.c...
compiling ssl_cookie.c...
compiling ssl_ciphersuites.c...
compiling ssl_cli.c...
compiling ssl_ticket.c...
compiling ssl_srv.c...
compiling threading.c...
compiling timing.c...
compiling version.c...
compiling ssl_tls.c...
compiling version_features.c...
compiling x509.c...
compiling x509_create.c...
compiling x509_crl.c...
compiling x509_crt.c...
compiling x509_csr.c...
compiling x509write_crt.c...
compiling x509write_csr.c...
compiling xtea.c...
compiling entropy_hardware_poll.c...
compiling dtls_interface.c...
compiling net_sockets_alt.c...
compiling bootstrap.c...
compiling timing_alt.c...
compiling block1.c...
compiling data.c...
compiling discover.c...
compiling json.c...
compiling list.c...
compiling liblwm2m.c...
compiling management.c...
compiling packet.c...
compiling objects.c...
compiling observe.c...
compiling tlv.c...
compiling registration.c...
compiling transaction.c...
compiling commandline.c...
compiling uri.c...
compiling er-coap-13.c...
compiling lwm2m_utils.c...
compiling atiny_osdep.c...
compiling agenttiny.c...
compiling atiny_rpt.c...
compiling connection.c...
compiling object_access_control.c...
compiling object_binary_app_data_container.c...
compiling object_connectivity_moni.c...
compiling object_connectivity_stat.c...
compiling object_device.c...
compiling object_firmware.c...
compiling object_location.c...
compiling object_security.c...
compiling object_server.c...
compiling util_timer.c...
compiling platform_adapter.c...
compiling atiny_fota_state.c...
compiling atiny_fota_manager.c...
compiling firmware_update.c...
compiling agent_tiny_demo.c...
compiling agent_tiny_cmd_ioctl.c...
compiling nb_demo.c...
compiling nb_cmd_ioctl.c...
compiling at_api.c...
compiling sota_demo.c...
compiling flag_manager.c...
compiling upgrade_flag.c...
compiling los_nb_api.c...
compiling at_main.c...
compiling sota.c...
compiling sota_hal.c...
compiling ota_crc.c...
compiling package.c...
compiling package_checksum.c...
compiling package_head.c...
compiling ota_default.c...
compiling package_writer.c...
compiling ota_sha256.c...
compiling ota.c...
compiling errno.c...
compiling malloc.c...
compiling atiny_socket.c...
compiling atiny_log.c...
linking...
Program Size: Code=76776 RO-data=23324 RW-data=2516 ZI-data=11156  
FromELF: creating hex file...
".\STM32L431RxTx\STM32L431RxTx.axf" - 0 Error(s), 0 Warning(s).

<h2>Software Packages used:</h2>

Package Vendor: Keil
                http://www.keil.com/pack/Keil.STM32L4xx_DFP.2.2.0.pack
                Keil.STM32L4xx_DFP.2.2.0
                STMicroelectronics STM32L4 Series Device Support, Drivers and Examples

<h2>Collection of Component include folders:</h2>
  .\RTE\_USE_NB35-A
  G:\D02_kl_Keil5\ARM\PACK\Keil\STM32L4xx_DFP\2.2.0\Drivers\CMSIS\Device\ST\STM32L4xx\Include

<h2>Collection of Component Files used:</h2>
Build Time Elapsed:  00:01:04
</pre>
</body>
</html>
