<html>
<body>
<pre>
<h1>礦ision Build Log</h1>
<h2>Tool Versions:</h2>
IDE-Version: μVision V5.27.1.0
Copyright (C) 2019 ARM Ltd and ARM Germany GmbH. All rights reserved.
License Information: 甘 浚森, 韩山师范学院, LIC=50D8T-RZWI1-JPWZQ-NJJ7P-WPZ1N-ETZA0
 
Tool Versions:
Toolchain:       MDK-ARM Professional  Version: 5.29.0.0
Toolchain Path:  G:\D02_kl_Keil5\ARM\ARMCC\Bin
C Compiler:      Armcc.exe V5.06 update 6 (build 750)
Assembler:       Armasm.exe V5.06 update 6 (build 750)
Linker/Locator:  ArmLink.exe V5.06 update 6 (build 750)
Library Manager: ArmAr.exe V5.06 update 6 (build 750)
Hex Converter:   FromElf.exe V5.06 update 6 (build 750)
CPU DLL:         SARMCM3.DLL V5.29.0.0
Dialog DLL:      DCM.DLL V1.17.3.0
Target DLL:      STLink\ST-LINKIII-KEIL_SWO.dll V3.0.7.0
Dialog DLL:      TCM.DLL V1.36.5.0
 
<h2>Project:</h2>
X:\P04_Multi-programSwitching\00_Project\targets\STM32L431_BearPi\MDK-ARM\STM32L431RxTx.uvprojx
Project File Date:  07/30/2020

<h2>Output:</h2>
*** Using Compiler 'V5.06 update 6 (build 750)', folder: 'G:\D02_kl_Keil5\ARM\ARMCC\Bin'
Build target 'USE_NB35-A'
compiling main.c...
../Src/main.c(142): warning:  #111-D: statement is unreachable
      return 0;
../Src/main.c: 1 warning, 0 errors
compiling system_stm32l4xx.c...
linking...
.\STM32L431RCTx-LiteOS.sct(12): warning: L6329W: Pattern *(.data.vector) only matches removed unused sections.
.\STM32L431RCTx-LiteOS.sct(18): warning: L6329W: Pattern *(LOS_HEAP) only matches removed unused sections.
Program Size: Code=15016 RO-data=19484 RW-data=116 ZI-data=2756  
Finished: 0 information, 2 warning and 0 error messages.
FromELF: creating hex file...
".\STM32L431RxTx\STM32L431RxTx.axf" - 0 Error(s), 3 Warning(s).

<h2>Software Packages used:</h2>

Package Vendor: Keil
                http://www.keil.com/pack/Keil.STM32L4xx_DFP.2.2.0.pack
                Keil.STM32L4xx_DFP.2.2.0
                STMicroelectronics STM32L4 Series Device Support, Drivers and Examples

<h2>Collection of Component include folders:</h2>
  .\RTE\_USE_NB35-A
  G:\D02_kl_Keil5\ARM\PACK\Keil\STM32L4xx_DFP\2.2.0\Drivers\CMSIS\Device\ST\STM32L4xx\Include

<h2>Collection of Component Files used:</h2>
Build Time Elapsed:  00:00:06
</pre>
</body>
</html>
